------------------------------------------------------------
Timing Analyzer Summary
------------------------------------------------------------

Type  : Slow 1100mV 85C Model Setup 'clk'
Slack : -0.259
TNS   : -0.501

Type  : Slow 1100mV 85C Model Hold 'clk'
Slack : 0.501
TNS   : 0.000

Type  : Slow 1100mV 85C Model Minimum Pulse Width 'clk'
Slack : -0.724
TNS   : -3.323

Type  : Slow 1100mV 0C Model Setup 'clk'
Slack : -0.179
TNS   : -0.343

Type  : Slow 1100mV 0C Model Hold 'clk'
Slack : 0.477
TNS   : 0.000

Type  : Slow 1100mV 0C Model Minimum Pulse Width 'clk'
Slack : -0.724
TNS   : -3.395

Type  : Fast 1100mV 85C Model Setup 'clk'
Slack : 0.434
TNS   : 0.000

Type  : Fast 1100mV 85C Model Hold 'clk'
Slack : 0.227
TNS   : 0.000

Type  : Fast 1100mV 85C Model Minimum Pulse Width 'clk'
Slack : -0.084
TNS   : -0.246

Type  : Fast 1100mV 0C Model Setup 'clk'
Slack : 0.476
TNS   : 0.000

Type  : Fast 1100mV 0C Model Hold 'clk'
Slack : 0.200
TNS   : 0.000

Type  : Fast 1100mV 0C Model Minimum Pulse Width 'clk'
Slack : -0.083
TNS   : -0.245

------------------------------------------------------------
